// Jest Snapshot v1, https://goo.gl/fbAQLP

exports[`Steps Component Should match the snapshot 1`] = `
<div
  className="sc-bdVaJa cOVzqF"
>
  <ul
    className="sc-bwzfXH ceHnQp"
  >
    <li
      className="sc-gzVnrw ideYlH"
    >
      <p>
        Criação de conta
      </p>
      <span
        aria-hidden="true"
        className="material-icons MuiIcon-root-1 sc-bZQynM eJOqQW"
        status="done"
        style={
          Object {
            "color": "",
          }
        }
      >
        person
      </span>
    </li>
    <li
      className="sc-gzVnrw GPMNN"
    >
      <p>
        Plano Forma de pagamento
      </p>
      <span
        aria-hidden="true"
        className="material-icons MuiIcon-root-1 sc-bZQynM crTbuC"
        status="active"
        style={
          Object {
            "color": "",
          }
        }
      >
        credit_card
      </span>
    </li>
  </ul>
</div>
`;
