// Jest Snapshot v1, https://goo.gl/fbAQLP

exports[`Input component  should match the snapshot 1`] = `
<div
  className="Range__Wrapper-yyti5j-2 dPsrRO"
>
  <div
    className="Range__Dot-yyti5j-0 QSUov"
    disabled={false}
  />
  <div
    className="Range__Stripe-yyti5j-1 jfTQeM"
    disabled={false}
  />
</div>
`;
