// Jest Snapshot v1, https://goo.gl/fbAQLP

exports[`Input component  should match the snapshot 1`] = `
<div
  className="Notification__NotificationWrapper-iPzUAf gWjVLC"
  type="info"
>
  <div
    className="Notification__NotificationIcon-cFgPaT ePZYWv"
  />
  <div
    className="Notification__NotificationMessage-hTOlze fEzbWn"
  >
    <strong>
      Sample
    </strong>
    This is a dummy
  </div>
  <button
    className="Notification__NotificationClose-hGmWzw gbJgND"
    onClick={[Function]}
  >
    <span
      aria-hidden="true"
    >
      Ã—
    </span>
  </button>
</div>
`;
