// Jest Snapshot v1, https://goo.gl/fbAQLP

exports[`Slider component  should match the snapshot 1`] = `
<div
  className="rc-slider Slider__StyledSlider-hqytAK cTstbT"
  onBlur={[Function]}
  onFocus={[Function]}
  onKeyDown={[Function]}
  onMouseDown={[Function]}
  onTouchStart={[Function]}
  style={undefined}
>
  <div
    className="rc-slider-rail"
    style={Object {}}
  />
  <div
    className="rc-slider-track"
    style={
      Object {
        "left": "0%",
        "width": "0%",
      }
    }
  />
  <div
    className="rc-slider-step"
  />
  <div
    aria-disabled={false}
    aria-valuemax={50}
    aria-valuemin={0}
    aria-valuenow={0}
    className="rc-slider-handle"
    role="slider"
    style={
      Object {
        "left": "0%",
      }
    }
    tabIndex={0}
  />
  <div
    className="rc-slider-mark"
  />
</div>
`;
