// Jest Snapshot v1, https://goo.gl/fbAQLP

exports[`<Page /> Snapshot should match snapshot 1`] = `
.c0 {
  -webkit-align-items: center;
  -webkit-box-align: center;
  -ms-flex-align: center;
  align-items: center;
  background-color: #FFFFFF;
  border: 1px solid #cccccc;
  border-radius: 10px;
  box-sizing: border-box;
  color: #4c4c4c;
  cursor: pointer;
  display: -webkit-box;
  display: -webkit-flex;
  display: -ms-flexbox;
  display: flex;
  font-size: 16px;
  font-weight: normal;
  -webkit-box-pack: center;
  -webkit-justify-content: center;
  -ms-flex-pack: center;
  justify-content: center;
  margin: 0 4px;
  min-height: 40px;
  min-width: 40px;
  outline: none;
  padding: 5px 8px;
  -webkit-text-decoration: none;
  text-decoration: none;
  -webkit-transition: background-color 0.2s ease-in-out,border-color 0.2s ease-in-out,color 0.2s ease-in-out,font-weight 0.2s ease-in-out;
  transition: background-color 0.2s ease-in-out,border-color 0.2s ease-in-out,color 0.2s ease-in-out,font-weight 0.2s ease-in-out;
}

.c0:hover,
.c0:focus {
  background-color: #e5edfc;
  border-color: #1355d0;
  color: #1355d0;
}

<a
  className="c0"
  onClick={[Function]}
>
  50
</a>
`;
