// Jest Snapshot v1, https://goo.gl/fbAQLP

exports[`<Title /> Should match the snapshot 1`] = `
<DocumentFragment>
  <h1
    class="Title-sc-1vnr32k-0"
  />
</DocumentFragment>
`;
