// Jest Snapshot v1, https://goo.gl/fbAQLP

exports[`Typography component Should match snapshot 1`] = `
<DocumentFragment>
  @media (min-width:1024px) {

}

@media (min-width:1024px) {

}

@media (min-width:1024px) {

}

@media (min-width:1024px) {

}

@media (min-width:1024px) {

}

@media (min-width:1024px) {

}

<link
    as="font"
    crossorigin="anonymous"
    href="https://fonts.googleapis.com/css?family=Nunito+Sans:400,600,700,400i,600i,700i&display=swap"
    rel="preload"
    type="font/woff2"
  />
  @media (min-width:1024px) {

}

@media (min-width:1024px) {

}

@media (min-width:1024px) {

}

@media (min-width:1024px) {

}

@media (min-width:1024px) {

}

@media (min-width:1024px) {

}

<link
    as="style"
    href="https://fonts.googleapis.com/css?family=Nunito+Sans:400,600,700,400i,600i,700i&display=swap"
    rel="stylesheet"
  />
</DocumentFragment>
`;
