// Jest Snapshot v1, https://goo.gl/fbAQLP

exports[`Radio component Should match the snapshot 1`] = `
<div
  className="Radio__Wrapper-sc-1diyv3n-1 corTqy"
  name="radio"
  value="1"
>
  <input
    className="Radio__StyledInput-sc-1diyv3n-2 fTTWXf"
    disabled={false}
    id="radio"
    name="radio"
    onChange={[Function]}
    type="radio"
    value="1"
  />
  <label
    className="Label-sc-1ny5bqy-0 Radio__StyledLabel-sc-1diyv3n-0 fetNXm"
    disabled={false}
    htmlFor="radio"
    name="radio"
    value="1"
  >
    Hello
  </label>
</div>
`;
