// Jest Snapshot v1, https://goo.gl/fbAQLP

exports[`<RadioGroup /> Should match the snapshot 1`] = `
.c1 {
  cursor: pointer;
  display: inline-block;
}

.c1:before {
  content: ' ';
  border-width: 1.5px;
  border-style: solid;
  border-color: #999999;
  border-radius: 50%;
  display: inline-block;
  height: 16px;
  width: 16px;
  margin-right: 5px;
  position: relative;
  top: 4px;
}

.c1[aria-checked='true']:before {
  background-color: #1355d0;
  border-color: #1355d0;
  box-shadow: inset 0 0 0 3.5px #FFFFFF;
}

.c1[aria-checked='true']:hover:before,
.c1[aria-checked='true']:focus:before {
  box-shadow: inset 0 0 0 3.5px #FFFFFF,0 2px 6px 0 rgba(19,85,208,0.5);
}

.c1:hover:before,
.c1:focus:before {
  border-color: #1355d0;
  box-shadow: 0 2px 6px 0 rgba(19,85,208,0.5);
}

.c1[disabled] {
  color: #999999;
}

.c1[disabled]:before {
  background-color: #cccccc;
}

.c1[disabled]:hover {
  cursor: not-allowed;
}

.c1[disabled]:hover:before,
.c1[disabled]:focus:before {
  border-color: #999999;
  box-shadow: none;
}

.c1[aria-checked='true']:disabled:before {
  background-color: #999999;
  border-color: #999999;
  box-shadow: inset 0 0 0 3.5px #FFFFFF;
}

.c0 {
  position: relative;
  margin-bottom: 20px;
  min-width: 250px;
  width: 100%;
  display: -webkit-box;
  display: -webkit-flex;
  display: -ms-flexbox;
  display: flex;
  -webkit-flex-direction: column;
  -ms-flex-direction: column;
  flex-direction: column;
  position: relative;
}

<div
  className="c0"
  onChange={[Function]}
  role="radiogroup"
>
  <div
    aria-checked={false}
    className="c1"
    disabled={false}
    name="group"
    onClick={[Function]}
    onKeyDown={[Function]}
    role="radio"
    tabIndex={0}
    value="Foo"
  >
    Foo
  </div>
  <div
    aria-checked={false}
    className="c1"
    disabled={false}
    name="group"
    onClick={[Function]}
    onKeyDown={[Function]}
    role="radio"
    tabIndex={-1}
    value="Bar"
  >
    Bar
  </div>
  <div
    aria-checked={false}
    className="c1"
    disabled={false}
    name="group"
    onClick={[Function]}
    onKeyDown={[Function]}
    role="radio"
    tabIndex={-1}
    value="Baz"
  >
    Baz
  </div>
  
</div>
`;
