// Jest Snapshot v1, https://goo.gl/fbAQLP

exports[`<StepsSubComponent /> Should match the snapshot 1`] = `"Sub component here!"`;
