// Jest Snapshot v1, https://goo.gl/fbAQLP

exports[`<Step /> Should match the snapshot 1`] = `
<li
  className="sc-EHOje hnYRfF"
>
  <p>
    Step 1
  </p>
  
</li>
`;
