// Jest Snapshot v1, https://goo.gl/fbAQLP

exports[`<InfiniteScroll /> should match snapshots 1`] = `
.c0 {
  display: -webkit-box;
  display: -webkit-flex;
  display: -ms-flexbox;
  display: flex;
  -webkit-flex-direction: column;
  -ms-flex-direction: column;
  flex-direction: column;
  height: 100%;
  -webkit-scroll-behavior: smooth;
  -moz-scroll-behavior: smooth;
  -ms-scroll-behavior: smooth;
  scroll-behavior: smooth;
  overflow-x: none;
  overflow-y: auto;
}

<div
  class="c0"
>
  <ul>
    <li>
      0
    </li>
    <li>
      1
    </li>
    <li>
      2
    </li>
    <li>
      3
    </li>
    <li>
      4
    </li>
    <li>
      5
    </li>
    <li>
      6
    </li>
    <li>
      7
    </li>
    <li>
      8
    </li>
    <li>
      9
    </li>
    <li>
      10
    </li>
    <li>
      11
    </li>
    <li>
      12
    </li>
    <li>
      13
    </li>
    <li>
      14
    </li>
    <li>
      15
    </li>
    <li>
      16
    </li>
    <li>
      17
    </li>
    <li>
      18
    </li>
    <li>
      19
    </li>
    <li>
      20
    </li>
    <li>
      21
    </li>
    <li>
      22
    </li>
    <li>
      23
    </li>
    <li>
      24
    </li>
    <li>
      25
    </li>
    <li>
      26
    </li>
    <li>
      27
    </li>
    <li>
      28
    </li>
    <li>
      29
    </li>
  </ul>
  <span />
</div>
`;

exports[`<InfiniteScroll /> should match snapshots 2`] = `
.c0 {
  display: -webkit-box;
  display: -webkit-flex;
  display: -ms-flexbox;
  display: flex;
  -webkit-flex-direction: column;
  -ms-flex-direction: column;
  flex-direction: column;
  height: 100%;
  -webkit-scroll-behavior: smooth;
  -moz-scroll-behavior: smooth;
  -ms-scroll-behavior: smooth;
  scroll-behavior: smooth;
  overflow-x: none;
  overflow-y: auto;
}

<div
  class="c0"
>
  <span />
  <ul>
    <li>
      0
    </li>
    <li>
      1
    </li>
    <li>
      2
    </li>
    <li>
      3
    </li>
    <li>
      4
    </li>
    <li>
      5
    </li>
    <li>
      6
    </li>
    <li>
      7
    </li>
    <li>
      8
    </li>
    <li>
      9
    </li>
    <li>
      10
    </li>
    <li>
      11
    </li>
    <li>
      12
    </li>
    <li>
      13
    </li>
    <li>
      14
    </li>
    <li>
      15
    </li>
    <li>
      16
    </li>
    <li>
      17
    </li>
    <li>
      18
    </li>
    <li>
      19
    </li>
    <li>
      20
    </li>
    <li>
      21
    </li>
    <li>
      22
    </li>
    <li>
      23
    </li>
    <li>
      24
    </li>
    <li>
      25
    </li>
    <li>
      26
    </li>
    <li>
      27
    </li>
    <li>
      28
    </li>
    <li>
      29
    </li>
  </ul>
</div>
`;
