// Jest Snapshot v1, https://goo.gl/fbAQLP

exports[`<Badge /> Should match snapshot With number 1`] = `
.c0 {
  display: inline-block;
  margin-left: 8px;
  margin-right: 8px;
}

.c1 {
  border-radius: 8px;
  display: inline-block;
  font-size: 12px;
  font-weight: bold;
  height: 20px;
  line-height: 20px;
  min-width: 20px;
  text-align: center;
  box-sizing: border-box;
  padding-left: 2px;
  padding-right: 2px;
  background-color: #f2f2f2;
  color: #4c4c4c;
}

<div
  className="c0"
  value={10}
>
  <span
    className="c1"
    value={10}
  >
    10
  </span>
  
</div>
`;

exports[`<Badge /> Should match snapshot with children 1`] = `
.c0 {
  display: inline-block;
  position: relative;
}

.c1 {
  border-radius: 8px;
  display: inline-block;
  font-size: 12px;
  font-weight: bold;
  height: 20px;
  line-height: 20px;
  min-width: 20px;
  text-align: center;
  box-sizing: border-box;
  padding-left: 2px;
  padding-right: 2px;
  position: absolute;
  right: -10px;
  top: -10px;
  background-color: #f2f2f2;
  color: #4c4c4c;
}

.c2 {
  -webkit-align-items: center;
  -webkit-box-align: center;
  -ms-flex-align: center;
  align-items: center;
  cursor: pointer;
  display: -webkit-box;
  display: -webkit-flex;
  display: -ms-flexbox;
  display: flex;
  font-size: 16px;
  font-weight: bold;
  height: 40px;
  -webkit-box-pack: center;
  -webkit-justify-content: center;
  -ms-flex-pack: center;
  justify-content: center;
  padding: 0 16px;
  -webkit-letter-spacing: 0.2px;
  -moz-letter-spacing: 0.2px;
  -ms-letter-spacing: 0.2px;
  letter-spacing: 0.2px;
  -webkit-transition: all 0.2s ease-in-out;
  transition: all 0.2s ease-in-out;
  background-color: #1355d0;
  border: 1.5px solid #1355d0;
  box-shadow: 0 2px 4px 0 #cccccc;
  color: #FFFFFF;
  -webkit-text-decoration: none;
  text-decoration: none;
  border-radius: 4px;
}

.c2 *:nth-child(2) {
  margin-left: 5px;
}

.c2:hover {
  box-shadow: 0 2px 4px 0 #cccccc;
  background-color: #002f7b;
  border-color: #002f7b;
  color: #FFFFFF;
}

.c2:focus {
  box-shadow: 0 2px 6px 0 rgba(19,85,208,0.5);
  background-color: #1355d0;
  border-color: #1355d0;
  color: #FFFFFF;
}

.c2:active {
  box-shadow: 0 2px 4px 0 #4c4c4c;
  background-color: #002f7b;
  border-color: #002f7b;
  color: #FFFFFF;
}

.c2 .c3 {
  font-size: 24px;
}

<div
  className="c0"
  value={10}
>
  <span
    className="c1"
    value={10}
  >
    10
  </span>
  <button
    className="c2"
    disabled={false}
    onClick={[Function]}
    size="medium"
    type="button"
  >
    
  </button>
</div>
`;
