// Jest Snapshot v1, https://goo.gl/fbAQLP

exports[`Popover should match the snapshot 1`] = `"<div class=\\"Popover__Wrapper-kBCVMN eTEEdZ\\"><div class=\\"Popover__PopoverContainer-cmbqyT hdLPme\\"><div class=\\"Popover__Header-iBemXC ceFmJK\\" title=\\"\\"><span class=\\"material-icons MuiIcon-root-1 Popover__CloseIcon-gRRMUz jAemtJ\\" aria-hidden=\\"true\\" title=\\"\\">close</span></div><div class=\\"Popover__Content-kzlOSc cUiUGK\\"></div></div><div class=\\"Popover__ChildrenContainer-fJnAhL csqLPs\\">Interact</div></div>"`;

exports[`Popover should match the snapshot 2`] = `"<div class=\\"Popover__Wrapper-kBCVMN eTEEdZ\\"><div class=\\"Popover__PopoverContainer-cmbqyT hdLPme\\"><div class=\\"Popover__Header-iBemXC kSIykf\\" title=\\"Title\\"><span>Title</span><span class=\\"material-icons MuiIcon-root-1 Popover__CloseIcon-gRRMUz jAemtJ\\" aria-hidden=\\"true\\" title=\\"Close\\">close</span></div><div class=\\"Popover__Content-kzlOSc cUiUGK\\"></div></div><div class=\\"Popover__ChildrenContainer-fJnAhL csqLPs\\">Interact</div></div>"`;

exports[`Popover should match the snapshot 3`] = `"<div class=\\"Popover__Wrapper-kBCVMN eTEEdZ\\"><div class=\\"Popover__PopoverContainer-cmbqyT hdLPme\\"><div class=\\"Popover__Header-iBemXC ceFmJK\\" title=\\"\\"><span class=\\"material-icons MuiIcon-root-1 Popover__CloseIcon-gRRMUz jAemtJ\\" aria-hidden=\\"true\\" title=\\"\\">close</span></div><div class=\\"Popover__Content-kzlOSc cUiUGK\\"><div><h1>My title</h1><ul><li>Content</li><li>Content</li><li>Content</li></ul><hr><button class=\\"Button__StyledButton-jJDkJK YtayR\\" type=\\"button\\">Click me</button></div></div></div><div class=\\"Popover__ChildrenContainer-fJnAhL csqLPs\\">Interact</div></div>"`;

exports[`Popover should match the snapshot 4`] = `"<div class=\\"Popover__Wrapper-kBCVMN eTEEdZ\\"><div class=\\"Popover__PopoverContainer-cmbqyT ftNyoz\\"><div class=\\"Popover__Header-iBemXC ceFmJK\\" title=\\"\\"><span class=\\"material-icons MuiIcon-root-1 Popover__CloseIcon-gRRMUz jAemtJ\\" aria-hidden=\\"true\\" title=\\"\\">close</span></div><div class=\\"Popover__Content-kzlOSc cUiUGK\\"></div></div><div class=\\"Popover__ChildrenContainer-fJnAhL csqLPs\\">Interact</div></div>"`;

exports[`Popover should match the snapshot 5`] = `"<div class=\\"Popover__Wrapper-kBCVMN eTEEdZ\\"><div class=\\"Popover__PopoverContainer-cmbqyT dGEDYF\\"><div class=\\"Popover__Header-iBemXC ceFmJK\\" title=\\"\\"><span class=\\"material-icons MuiIcon-root-1 Popover__CloseIcon-gRRMUz jAemtJ\\" aria-hidden=\\"true\\" title=\\"\\">close</span></div><div class=\\"Popover__Content-kzlOSc cUiUGK\\"></div></div><div class=\\"Popover__ChildrenContainer-fJnAhL csqLPs\\">Interact</div></div>"`;

exports[`Popover should match the snapshot 6`] = `"<div class=\\"Popover__Wrapper-kBCVMN eTEEdZ\\"><div class=\\"Popover__PopoverContainer-cmbqyT kahOYe\\"><div class=\\"Popover__Header-iBemXC ceFmJK\\" title=\\"\\"><span class=\\"material-icons MuiIcon-root-1 Popover__CloseIcon-gRRMUz jAemtJ\\" aria-hidden=\\"true\\" title=\\"\\">close</span></div><div class=\\"Popover__Content-kzlOSc cUiUGK\\"></div></div><div class=\\"Popover__ChildrenContainer-fJnAhL csqLPs\\">Interact</div></div>"`;

exports[`Popover should match the snapshot 7`] = `"<div class=\\"Popover__Wrapper-kBCVMN eTEEdZ\\"><div class=\\"Popover__PopoverContainer-cmbqyT fiNskW\\"><div class=\\"Popover__Header-iBemXC ceFmJK\\" title=\\"\\"><span class=\\"material-icons MuiIcon-root-1 Popover__CloseIcon-gRRMUz jAemtJ\\" aria-hidden=\\"true\\" title=\\"\\">close</span></div><div class=\\"Popover__Content-kzlOSc cUiUGK\\"></div></div><div class=\\"Popover__ChildrenContainer-fJnAhL csqLPs\\">Interact</div></div>"`;

exports[`Popover should match the snapshot 8`] = `"<div class=\\"Popover__Wrapper-kBCVMN eTEEdZ\\"><div class=\\"Popover__PopoverContainer-cmbqyT hdLPme\\"><div class=\\"Ribbon__Wrapper-eQgmUA coIDOu\\"></div><div class=\\"Popover__Header-iBemXC ceFmJK\\" title=\\"\\"><span class=\\"material-icons MuiIcon-root-1 Popover__CloseIcon-gRRMUz jAemtJ\\" aria-hidden=\\"true\\" title=\\"\\">close</span></div><div class=\\"Popover__Content-kzlOSc jjfYuj\\"></div></div><div class=\\"Popover__ChildrenContainer-fJnAhL csqLPs\\">Interact</div></div>"`;
