// Jest Snapshot v1, https://goo.gl/fbAQLP

exports[`NavigateToTop component Should match the snapshot 1`] = `
<div
  className="sc-bdVaJa dTrXBa"
>
  <div
    className="sc-ifAKCX vsVjH sc-htpNat cNhtKB"
  >
    <a
      href="#top"
    >
      Topo
    </a>
  </div>
</div>
`;
