// Jest Snapshot v1, https://goo.gl/fbAQLP

exports[`<Header /> Should match the snapshot 1`] = `
.c0 {
  margin: 4px 0;
}

<span
  class="c0"
>
  Header
</span>
`;
