// Jest Snapshot v1, https://goo.gl/fbAQLP

exports[`<Item /> Should match the snapshot 1`] = `
ShallowWrapper {
  "length": 1,
  Symbol(enzyme.__root__): [Circular],
  Symbol(enzyme.__unrendered__): <List.Item
    bullet=""
    content={null}
    icon=""
  />,
  Symbol(enzyme.__renderer__): Object {
    "batchedUpdates": [Function],
    "getNode": [Function],
    "render": [Function],
    "simulateEvent": [Function],
    "unmount": [Function],
  },
  Symbol(enzyme.__node__): Object {
    "instance": null,
    "key": undefined,
    "nodeType": "host",
    "props": Object {
      "children": <ListItem
        bullet=""
      >
        
        <Content
          content={null}
          header=""
          subheader=""
        />
      </ListItem>,
    },
    "ref": null,
    "rendered": Object {
      "instance": null,
      "key": undefined,
      "nodeType": "class",
      "props": Object {
        "bullet": "",
        "children": Array [
          "",
          <Content
            content={null}
            header=""
            subheader=""
          />,
        ],
      },
      "ref": null,
      "rendered": Array [
        "",
        Object {
          "instance": null,
          "key": undefined,
          "nodeType": "class",
          "props": Object {
            "children": null,
            "content": null,
            "header": "",
            "subheader": "",
          },
          "ref": null,
          "rendered": null,
          "type": [Function],
        },
      ],
      "type": [Function],
    },
    "type": "li",
  },
  Symbol(enzyme.__nodes__): Array [
    Object {
      "instance": null,
      "key": undefined,
      "nodeType": "host",
      "props": Object {
        "children": <ListItem
          bullet=""
        >
          
          <Content
            content={null}
            header=""
            subheader=""
          />
        </ListItem>,
      },
      "ref": null,
      "rendered": Object {
        "instance": null,
        "key": undefined,
        "nodeType": "class",
        "props": Object {
          "bullet": "",
          "children": Array [
            "",
            <Content
              content={null}
              header=""
              subheader=""
            />,
          ],
        },
        "ref": null,
        "rendered": Array [
          "",
          Object {
            "instance": null,
            "key": undefined,
            "nodeType": "class",
            "props": Object {
              "children": null,
              "content": null,
              "header": "",
              "subheader": "",
            },
            "ref": null,
            "rendered": null,
            "type": [Function],
          },
        ],
        "type": [Function],
      },
      "type": "li",
    },
  ],
  Symbol(enzyme.__options__): Object {
    "adapter": ReactSixteenAdapter {
      "options": Object {
        "enableComponentDidUpdateOnSetState": true,
      },
    },
  },
}
`;
