// Jest Snapshot v1, https://goo.gl/fbAQLP

exports[`HeaderBar component Should match the snapshot 1`] = `
<div
  className="sc-ifAKCX fKVinI sc-bdVaJa OkJiS"
>
  <div
    className="sc-EHOje eHQBuR sc-bdVaJa cSQWIE"
  >
    <ul
      className="sc-bZQynM cXedio"
    >
      <li
        className="sc-gzVnrw dHPSlY"
      >
        <a
          className="selected sc-htoDjs bhCKaH"
          href="/"
        >
          candidatos
        </a>
      </li>
      <li
        className="sc-gzVnrw dHPSlY"
      >
        <a
          className="sc-htoDjs bhCKaH"
          href="https://www.catho.com.br/empresa/"
        >
          empresas
        </a>
      </li>
      <li
        className="sc-gzVnrw dHPSlY"
      >
        <a
          className="sc-htoDjs bhCKaH"
          href="https://www.catho.com.br/educacao/"
        >
          cursos
        </a>
      </li>
      <li
        className="sc-gzVnrw dHPSlY"
      >
        <a
          className="sc-htoDjs bhCKaH"
          href="https://www.catho.com.br/help/"
        >
          <img
            alt={null}
            height="16px"
            src="undefined/static/header-info.svg"
            width="16px"
          />
        </a>
      </li>
    </ul>
  </div>
</div>
`;
