// Jest Snapshot v1, https://goo.gl/fbAQLP

exports[`MenuDesktop component Should match the snapshot 1`] = `
<div
  className="sc-VigVT fLlHKj sc-bdVaJa OkJiS"
>
  <div
    className="sc-bdVaJa cSQWIE"
  >
    <div
      className="sc-bwzfXH dKHdhw"
    >
      <div
        className="sc-jzJRlG jfmbzt sc-htpNat bLNipZ"
      >
        <div
          className="sc-cSHVUG hDNPdi"
        >
          <div
            className="sc-bxivhb jXYxts"
          >
            <div
              className="sc-ifAKCX bSVAvB"
              onClick={[Function]}
            >
              <span
                className="sc-EHOje iMdrmK"
              />
              <span
                className="sc-bZQynM ijIEHh"
              />
              <span
                className="sc-gzVnrw erHGXT"
              />
            </div>
          </div>
          <a
            href="https://www.catho.com.br/"
          >
            <img
              alt="A gente trabalha pelo seu trabalho"
              className="sc-jTzLTM iTDoST"
              src="https://static.catho.com.br/svg/site/logoCathoB2c.svg"
            />
          </a>
          <div
            className="sc-fjdhpX jiIyNK sc-bxivhb XNLln"
          >
            <ul
              className="sc-kAzzGY geykMb"
            >
              <li
                className="sc-chPdSV dzwkXp"
              >
                <a
                  className="sc-kgoBCf eteDkT"
                  href="/vagas/"
                >
                  Buscar vagas
                </a>
              </li>
              <li
                className="sc-chPdSV dzwkXp"
              >
                <a
                  className="sc-kgoBCf eteDkT"
                  href="/profissoes/"
                >
                  Guia de profissões
                </a>
              </li>
              <li
                className="sc-chPdSV dzwkXp"
              >
                <a
                  className="sc-kgoBCf eteDkT"
                  href="/por-dentro/"
                >
                  Por dentro das empresas
                </a>
              </li>
              <li
                className="sc-chPdSV dzwkXp"
              >
                Soluções para candidatos
                <ul
                  className="sc-kGXeez jimJLB"
                >
                  <li
                    className="sc-kpOJdX hCRoSg"
                  >
                    <a
                      className="sc-ckVGcZ fbQkxY"
                      href="/aviso-vagas/listagem/"
                    >
                      Aviso de vagas
                    </a>
                  </li>
                  <li
                    className="sc-kpOJdX hCRoSg"
                  >
                    <a
                      className="sc-ckVGcZ fbQkxY"
                      href="https://seguro.catho.com.br/inclusao/curriculo.php?nova_inclusao=1&usr[plano_id]=1&cur[perfil_id]=1&cur[use_personalizado]=0&a=0&ppd=0&tipoinclusao=807"
                    >
                      Envie seu Currículo por 7 dias grátis
                    </a>
                  </li>
                  <li
                    className="sc-kpOJdX hCRoSg"
                  >
                    <a
                      className="sc-ckVGcZ fbQkxY"
                      href="/profissoes/"
                    >
                      Guia de profissões
                    </a>
                  </li>
                  <li
                    className="sc-kpOJdX hCRoSg"
                  >
                    <a
                      className="sc-ckVGcZ fbQkxY"
                      href="/por-dentro/"
                    >
                      Por dentro das empresas
                    </a>
                  </li>
                  <li
                    className="sc-kpOJdX hCRoSg"
                  >
                    <a
                      className="sc-ckVGcZ fbQkxY"
                      href="https://www.catho.com.br/portaldocurriculo/"
                    >
                      Portal do currículo
                    </a>
                  </li>
                  <li
                    className="sc-kpOJdX hCRoSg"
                  >
                    <a
                      className="sc-ckVGcZ fbQkxY"
                      href="https://www.catho.com.br/estagio/"
                    >
                      Vagas de estágio
                    </a>
                  </li>
                  <li
                    className="sc-kpOJdX hCRoSg"
                  >
                    <span
                      className="sc-dxgOiQ icpgaR"
                    >
                      Exclusivo para assinantes
                    </span>
                  </li>
                  <li
                    className="sc-kpOJdX hCRoSg"
                  >
                    <a
                      className="sc-ckVGcZ fbQkxY"
                      href="/cursos-rapidos/"
                    >
                      Cursos rápidos
                    </a>
                  </li>
                  <li
                    className="sc-kpOJdX hCRoSg"
                  >
                    <a
                      className="sc-ckVGcZ fbQkxY"
                      href="https://cadastro.catho.com.br/"
                    >
                      Cadastro Catho
                    </a>
                  </li>
                  <li
                    className="sc-kpOJdX hCRoSg"
                  >
                    <a
                      className="sc-ckVGcZ fbQkxY"
                      href="/consvirtual/"
                    >
                      Consultor virtual
                    </a>
                  </li>
                  <li
                    className="sc-kpOJdX hCRoSg"
                  >
                    <a
                      className="sc-ckVGcZ fbQkxY"
                      href="/cadastrar-curriculo/"
                    >
                      Vantagens de assinar a Catho
                    </a>
                  </li>
                  <li
                    className="sc-kpOJdX hCRoSg"
                  >
                    <span
                      className="sc-dxgOiQ icpgaR"
                    >
                      Apoio ao candidato
                    </span>
                  </li>
                  <li
                    className="sc-kpOJdX hCRoSg"
                  >
                    <a
                      className="sc-ckVGcZ fbQkxY"
                      href="https://parceiros.catho.com.br/gop.php?origem=cat&a=6503&p=12&url1=1&url=servicoscatho/carreira/elaboracao-de-curriculo/"
                    >
                      Elaboração de currículo
                    </a>
                  </li>
                  <li
                    className="sc-kpOJdX hCRoSg"
                  >
                    <a
                      className="sc-ckVGcZ fbQkxY"
                      href="https://parceiros.catho.com.br/gop.php?origem=cat&a=6507&p=4&url1=1&url=servicoscatho/carreira/analise-de-curriculo/"
                    >
                      Análise de currículo
                    </a>
                  </li>
                  <li
                    className="sc-kpOJdX hCRoSg"
                  >
                    <a
                      className="sc-ckVGcZ fbQkxY"
                      href="https://parceiros.catho.com.br/gop.php?origem=cat&a=6509&p=16&url1=1&url=servicoscatho/carreira/simulacao-de-entrevista/"
                    >
                      Simulação de entrevista
                    </a>
                  </li>
                  <li
                    className="sc-kpOJdX hCRoSg"
                  >
                    <a
                      className="sc-ckVGcZ fbQkxY"
                      href="https://parceiros.catho.com.br/gop.php?origem=cat&a=6505&p=13&url1=1&url=servicoscatho/carreira/carta-de-apresentacao/"
                    >
                      Elaboração de carta de apresentação
                    </a>
                  </li>
                  <li
                    className="sc-kpOJdX hCRoSg"
                  >
                    <a
                      className="sc-ckVGcZ fbQkxY"
                      href="/curso/"
                    >
                      Cursos
                    </a>
                  </li>
                  <li
                    className="sc-kpOJdX hCRoSg"
                  >
                    <a
                      className="sc-ckVGcZ fbQkxY"
                      href="/servicoscandidatos/"
                    >
                      Todas as soluções
                    </a>
                  </li>
                </ul>
              </li>
            </ul>
          </div>
        </div>
        <ul
          className="sc-htoDjs kkROuE"
        >
          <li
            className="sc-dnqmqq igIpdT"
          >
            <a
              className="sc-iwsKbI ggKTXP"
              href="https://seguro.catho.com.br/inclusao/curriculo.php?nova_inclusao=1&usr%5Bplano_id%5D=1&cur%5Bperfil_id%5D=1&cur%5Buse_personalizado%5D=0&a=0&ppd=0&tipoinclusao=903"
            >
              Assine
            </a>
          </li>
          <li
            className="sc-dnqmqq igIpdT"
          >
            <button
              className="sc-gZMcBi dvYuZS"
              onClick={[Function]}
            >
              Login
            </button>
            <div
              className="sc-gqjmRU hAFoso"
            >
              <iframe
                frameBorder="0"
                scrolling="no"
                src="https://safe.catho.com.br/login/tipo/tooltip/"
                title="LoginBox"
              />
            </div>
          </li>
        </ul>
      </div>
    </div>
  </div>
</div>
`;
