// Jest Snapshot v1, https://goo.gl/fbAQLP

exports[`PromotionBar component Should match the snapshot 1`] = `
<a
  className="sc-EHOje ekcisJ"
  href="#"
>
  <div
    className="sc-ifAKCX jpAMXh sc-bdVaJa OkJiS"
  >
    <div
      className="sc-bdVaJa cSQWIE"
    >
      foo
    </div>
  </div>
</a>
`;
