// Jest Snapshot v1, https://goo.gl/fbAQLP

exports[`Radio component Should match the snapshot 1`] = `"<button class=\\"Button__StyledButton-jJDkJK YtayR\\" type=\\"button\\">Open modal</button>"`;
