// Jest Snapshot v1, https://goo.gl/fbAQLP

exports[`Tooltip component  All positions Should match the snapshot when place is bottom 1`] = `"<div class=\\"Tooltip__Wrapper-eRZUrI eXyEfk\\"><div class=\\"Tooltip__Tip-ewJBsm lgArYO\\" offset=\\"\\" width=\\"0\\" height=\\"0\\">Tooltip</div>Hover Me</div>"`;

exports[`Tooltip component  All positions Should match the snapshot when place is left 1`] = `"<div class=\\"Tooltip__Wrapper-eRZUrI eXyEfk\\"><div class=\\"Tooltip__Tip-ewJBsm dFIvSR\\" offset=\\"\\" width=\\"0\\" height=\\"0\\">Tooltip</div>Hover Me</div>"`;

exports[`Tooltip component  All positions Should match the snapshot when place is right 1`] = `"<div class=\\"Tooltip__Wrapper-eRZUrI eXyEfk\\"><div class=\\"Tooltip__Tip-ewJBsm faxpBF\\" offset=\\"\\" width=\\"0\\" height=\\"0\\">Tooltip</div>Hover Me</div>"`;

exports[`Tooltip component  All positions Should match the snapshot when place is top 1`] = `"<div class=\\"Tooltip__Wrapper-eRZUrI eXyEfk\\"><div class=\\"Tooltip__Tip-ewJBsm eZyyod\\" offset=\\"\\" width=\\"0\\" height=\\"0\\">Tooltip</div>Hover Me</div>"`;

exports[`Tooltip component  All skins Should match the snapshot skin is info 1`] = `"<div class=\\"Tooltip__Wrapper-eRZUrI eXyEfk\\"><div class=\\"Tooltip__Tip-ewJBsm eZyyod\\" offset=\\"\\" width=\\"0\\" height=\\"0\\">Tooltip</div>Hover Me</div>"`;

exports[`Tooltip component  All skins Should match the snapshot when skin is danger 1`] = `"<div class=\\"Tooltip__Wrapper-eRZUrI eXyEfk\\"><div class=\\"Tooltip__Tip-ewJBsm htRGCW\\" offset=\\"\\" width=\\"0\\" height=\\"0\\">Tooltip</div>Hover Me</div>"`;

exports[`Tooltip component  All skins Should match the snapshot when skin is success 1`] = `"<div class=\\"Tooltip__Wrapper-eRZUrI eXyEfk\\"><div class=\\"Tooltip__Tip-ewJBsm gbQtNq\\" offset=\\"\\" width=\\"0\\" height=\\"0\\">Tooltip</div>Hover Me</div>"`;

exports[`Tooltip component  All skins Should match the snapshot when skin is warning 1`] = `"<div class=\\"Tooltip__Wrapper-eRZUrI eXyEfk\\"><div class=\\"Tooltip__Tip-ewJBsm hCZIeC\\" offset=\\"\\" width=\\"0\\" height=\\"0\\">Tooltip</div>Hover Me</div>"`;
